f1 - names with some description

p3 - skill names in different order (french, spanish)